// Jest Snapshot v1, https://goo.gl/fbAQLP

exports[`Testing <GifExpertApp /> should match snapshot 1`] = `
<div>
  <h1>
    GifExpertApp
  </h1>
  <form
    aria-label="form"
  >
    <input
      placeholder="Buscar gifs"
      type="text"
      value=""
    />
  </form>
  <h3>
    Facu Campazzo
  </h3>
  <h2>
    Cargando...
  </h2>
</div>
`;
