// Jest Snapshot v1, https://goo.gl/fbAQLP

exports[`Pruebas en <FirstApp /> Debe hacer match con el snapshot 1`] = `
<div>
  <h1
    data-testid="test-title"
  >
    Jeremy
  </h1>
  <h4>
    123
  </h4>
  <h4>
    123
  </h4>
  <h4>
    123
  </h4>
</div>
`;
